Flutter crash report.
Please report a bug at https://github.com/flutter/flutter/issues.

## command

flutter analyze --no-pub

## exception

_Exception: Exception: analysis server exited with code 255 and output:
[stderr] Wrong full snapshot version, expected 'ace654289f5abc240509fc941453ebc5' found '830f4f59e7969c70b595182826435c19'

```
```

## flutter doctor

```
[32m[✓][39m Flutter (Channel stable, 3.32.3,
    on Microsoft Windows [version
    10.0.22631.6199], locale fr-CM)
    [802ms]
    [32m•[39m Flutter version 3.32.3 on
      channel stable at
      C:\Flutter\flutter
    [32m•[39m Upstream repository
      https://github.com/flutter/flutt
      er.git
    [32m•[39m Framework revision 5c1433509f (1
      year, 2 months ago), 2025-06-11
      13:12:24 -0700
    [32m•[39m Engine revision 31c4875c7a
    [32m•[39m Dart version 3.12.2
    [32m•[39m DevTools version 2.45.1

[32m[✓][39m Windows Version (11 Professionnel
    64 bits, 23H2, 2009) [2,6s]

[32m[✓][39m Android toolchain - develop for
    Android devices (Android SDK
    version 36.0.0) [3,8s]
    [32m•[39m Android SDK at
      C:\Users\Namikaze\AppData\Local\
      Android\Sdk
    [32m•[39m Platform android-36, build-tools
      36.0.0
    [32m•[39m ANDROID_HOME =
      C:\Users\Namikaze\AppData\Local\
      Android\Sdk
    [32m•[39m ANDROID_SDK_ROOT =
      C:\Users\Namikaze\AppData\Local\
      Android\Sdk
    [32m•[39m Java binary at: C:\Program
      Files\Android\Android
      Studio\jbr\bin\java
      This is the JDK bundled with the
      latest Android Studio
      installation on this machine.
      To manually set the JDK path,
      use: `flutter config
      --jdk-dir="path/to/jdk"`.
    [32m•[39m Java version OpenJDK Runtime
      Environment (build
      21.0.5+-12932927-b750.29)
    [32m•[39m All Android licenses accepted.

[32m[✓][39m Chrome - develop for the web
    [354ms]
    [32m•[39m Chrome at C:\Program
      Files\Google\Chrome\Application\
      chrome.exe

[33m[!][39m Visual Studio - develop Windows
    apps (Visual Studio Community 2026
    18.8.1) [353ms]
    [32m•[39m Visual Studio at C:\Program
      Files\Microsoft Visual
      Studio\18\Community
    [32m•[39m Visual Studio Community 2026
      version 18.8.12021.73
    [31m✗[39m Visual Studio is missing
      necessary components. Please
      re-run the Visual Studio
      installer for the "Desktop
      development with C++" workload,
      and include these components:
        MSVC v142 - VS 2019 C++
        x64/x86 build tools
         - If there are multiple build
         tool versions available,
         install the latest
        C++ CMake tools for Windows
        Windows 10 SDK

[32m[✓][39m Android Studio (version 2024.3)
    [19ms]
    [32m•[39m Android Studio at C:\Program
      Files\Android\Android Studio
    [32m•[39m Flutter plugin can be installed
      from:
      🔨
      https://plugins.jetbrains.com/pl
      ugin/9212-flutter
    [32m•[39m Dart plugin can be installed
      from:
      🔨
      https://plugins.jetbrains.com/pl
      ugin/6351-dart
    [32m•[39m android-studio-dir = C:\Program
      Files\Android\Android Studio
    [32m•[39m Java version OpenJDK Runtime
      Environment (build
      21.0.5+-12932927-b750.29)

[32m[✓][39m IntelliJ IDEA Ultimate Edition
    (version 2026.1) [16ms]
    [32m•[39m IntelliJ at C:\Program
      Files\JetBrains\IntelliJ IDEA
      2026.1.2
    [32m•[39m Flutter plugin can be installed
      from:
      🔨
      https://plugins.jetbrains.com/pl
      ugin/9212-flutter
    [32m•[39m Dart plugin can be installed
      from:
      🔨
      https://plugins.jetbrains.com/pl
      ugin/6351-dart

[32m[✓][39m VS Code (version unknown) [15ms]
    [32m•[39m VS Code at
      C:\Users\Namikaze\AppData\Local\
      Programs\Microsoft VS Code
    [32m•[39m Flutter extension version
      3.140.0
    [31m✗[39m Unable to determine VS Code
      version.

[32m[✓][39m Connected device (4 available)
    [432ms]
    [32m•[39m SM F946B (mobile) • R3CW70FPFSH
      • android-arm64  • Android 16
      (API 36)
    [32m•[39m Windows (desktop) • windows
      • windows-x64    • Microsoft
      Windows [version
      10.0.22631.6199]
    [32m•[39m Chrome (web)      • chrome
      • web-javascript • Google Chrome
      151.0.7922.138
    [32m•[39m Edge (web)        • edge
      • web-javascript • Microsoft
      Edge 151.0.4129.78

[32m[✓][39m Network resources [1 469ms]
    [32m•[39m All expected network resources
      are available.

[33m![39m Doctor found issues in 1 category.
```
