Flutter crash report.
Please report a bug at https://github.com/flutter/flutter/issues.

## command

flutter --no-color run --machine --track-widget-creation --device-id=emulator-5554 --start-paused --dart-define=flutter.inspector.structuredErrors=true --devtools-server-address=http://127.0.0.1:9100 lib\main.dart

## exception

FormatException: FormatException: Unexpected character (at character 1)
Isolate spawning failed: Wrong full snapshot version, expected 'ace654289f5...
^


```
#0      _ChunkedJsonParser.fail (dart:convert-patch/convert_patch.dart:1467:5)
#1      _ChunkedJsonParser.parseNumber (dart:convert-patch/convert_patch.dart:1333:9)
#2      _ChunkedJsonParser.parse (dart:convert-patch/convert_patch.dart:935:22)
#3      _JsonStringDecoderSink.addSlice (dart:convert-patch/convert_patch.dart:1555:13)
#4      _JsonStringDecoderSink.add (dart:convert-patch/convert_patch.dart:1560:5)
#5      _ConverterStreamEventSink.add (dart:convert/chunked_conversion.dart:70:18)
#6      _SinkTransformerStreamSubscription._handleData (dart:async/stream_transformers.dart:115:24)
#7      _rootRunUnary (dart:async/zone_root.dart:48:47)
#8      _CustomZone.runUnary (dart:async/zone.dart:733:19)
#9      _CustomZone.runUnaryGuarded (dart:async/zone.dart:633:7)
#10     _BufferingStreamSubscription._sendData (dart:async/stream_impl.dart:381:11)
#11     _BufferingStreamSubscription._add (dart:async/stream_impl.dart:312:7)
#12     _SinkTransformerStreamSubscription._add (dart:async/stream_transformers.dart:67:11)
#13     _EventSinkWrapper.add (dart:async/stream_transformers.dart:13:11)
#14     _StringAdapterSink.add (dart:convert/string_conversion.dart:231:11)
#15     _StringAdapterSink.addSlice (dart:convert/string_conversion.dart:236:7)
#16     _Utf8ConversionSink.addSlice (dart:convert/string_conversion.dart:316:20)
#17     _Utf8ConversionSink.add (dart:convert/string_conversion.dart:309:5)
#18     _ConverterStreamEventSink.add (dart:convert/chunked_conversion.dart:70:18)
#19     _SinkTransformerStreamSubscription._handleData (dart:async/stream_transformers.dart:115:24)
#20     _rootRunUnary (dart:async/zone_root.dart:48:47)
#21     _CustomZone.runUnary (dart:async/zone.dart:733:19)
#22     _CustomZone.runUnaryGuarded (dart:async/zone.dart:633:7)
#23     _BufferingStreamSubscription._sendData (dart:async/stream_impl.dart:381:11)
#24     _BufferingStreamSubscription._add (dart:async/stream_impl.dart:312:7)
#25     _SyncStreamControllerDispatch._sendData (dart:async/stream_controller.dart:798:19)
#26     _StreamController._add (dart:async/stream_controller.dart:663:7)
#27     _StreamController.add (dart:async/stream_controller.dart:618:5)
#28     _Socket._onData (dart:io-patch/socket_patch.dart:2874:41)
#29     _rootRunUnary (dart:async/zone_root.dart:56:13)
#30     _CustomZone.runUnary (dart:async/zone.dart:733:19)
#31     _CustomZone.runUnaryGuarded (dart:async/zone.dart:633:7)
#32     _BufferingStreamSubscription._sendData (dart:async/stream_impl.dart:381:11)
#33     _BufferingStreamSubscription._add (dart:async/stream_impl.dart:312:7)
#34     _SyncStreamControllerDispatch._sendData (dart:async/stream_controller.dart:798:19)
#35     _StreamController._add (dart:async/stream_controller.dart:663:7)
#36     _StreamController.add (dart:async/stream_controller.dart:618:5)
#37     new _RawSocket.<anonymous closure> (dart:io-patch/socket_patch.dart:2312:31)
#38     _NativeSocket.issueReadEvent.issue (dart:io-patch/socket_patch.dart:1647:14)
#39     _microtaskLoop (dart:async/schedule_microtask.dart:40:35)
#40     _startMicrotaskLoop (dart:async/schedule_microtask.dart:49:5)
#41     _runPendingImmediateCallback (dart:isolate-patch/isolate_patch.dart:127:13)
#42     _RawReceivePort._handleMessage (dart:isolate-patch/isolate_patch.dart:193:5)
```

## flutter doctor

```
[✓] Flutter (Channel stable, 3.32.3, on Microsoft Windows [version 10.0.22631.6199], locale fr-CM) [424ms]
    • Flutter version 3.32.3 on channel stable at C:\Flutter\flutter
    • Upstream repository https://github.com/flutter/flutter.git
    • Framework revision 5c1433509f (1 year, 2 months ago), 2025-06-11 13:12:24 -0700
    • Engine revision 31c4875c7a
    • Dart version 3.12.2
    • DevTools version 2.45.1

[✓] Windows Version (11 Professionnel 64 bits, 23H2, 2009) [3,9s]

[✓] Android toolchain - develop for Android devices (Android SDK version 37.0.0) [7,8s]
    • Android SDK at C:/Users/Namikaze/AppData/Local/Android/Sdk
    • Platform android-37.0, build-tools 37.0.0
    • ANDROID_HOME = C:/Users/Namikaze/AppData/Local/Android/Sdk
    • ANDROID_SDK_ROOT = C:\Users\Namikaze\AppData\Local\Android\Sdk
    • Java binary at: C:\Program Files\Android\Android Studio\jbr\bin\java
      This is the JDK bundled with the latest Android Studio installation on this machine.
      To manually set the JDK path, use: `flutter config --jdk-dir="path/to/jdk"`.
    • Java version OpenJDK Runtime Environment (build 21.0.5+-12932927-b750.29)
    • All Android licenses accepted.

[✓] Chrome - develop for the web [31ms]
    • Chrome at C:\Program Files\Google\Chrome\Application\chrome.exe

[!] Visual Studio - develop Windows apps (Visual Studio Community 2026 18.8.1) [31ms]
    • Visual Studio at C:\Program Files\Microsoft Visual Studio\18\Community
    • Visual Studio Community 2026 version 18.8.12021.73
    ✗ Visual Studio is missing necessary components. Please re-run the Visual Studio installer for the "Desktop development with C++" workload, and include these components:
        MSVC v142 - VS 2019 C++ x64/x86 build tools
         - If there are multiple build tool versions available, install the latest
        C++ CMake tools for Windows
        Windows 10 SDK

[✓] Android Studio (version 2024.3) [2ms]
    • Android Studio at C:\Program Files\Android\Android Studio
    • Flutter plugin can be installed from:
      🔨 https://plugins.jetbrains.com/plugin/9212-flutter
    • Dart plugin can be installed from:
      🔨 https://plugins.jetbrains.com/plugin/6351-dart
    • android-studio-dir = C:\Program Files\Android\Android Studio
    • Java version OpenJDK Runtime Environment (build 21.0.5+-12932927-b750.29)

[✓] IntelliJ IDEA Ultimate Edition (version 2026.1) [1ms]
    • IntelliJ at C:\Program Files\JetBrains\IntelliJ IDEA 2026.1.2
    • Flutter plugin can be installed from:
      🔨 https://plugins.jetbrains.com/plugin/9212-flutter
    • Dart plugin can be installed from:
      🔨 https://plugins.jetbrains.com/plugin/6351-dart

[✓] VS Code (version unknown) [1ms]
    • VS Code at C:\Users\Namikaze\AppData\Local\Programs\Microsoft VS Code
    • Flutter extension version 3.140.0
    ✗ Unable to determine VS Code version.

[✓] Connected device (4 available) [716ms]
    • sdk gphone64 x86 64 (mobile) • emulator-5554 • android-x64    • Android 16 (API 36) (emulator)
    • Windows (desktop)            • windows       • windows-x64    • Microsoft Windows [version 10.0.22631.6199]
    • Chrome (web)                 • chrome        • web-javascript • Google Chrome 151.0.7922.174
    • Edge (web)                   • edge          • web-javascript • Microsoft Edge 151.0.4129.107
    ! Device ZY22HQD29D is not authorized.
      You might need to check your device for an authorization dialog.

[✓] Network resources [1 134ms]
    • All expected network resources are available.

! Doctor found issues in 1 category.
```
