Flutter crash report.
Please report a bug at https://github.com/flutter/flutter/issues.

## command

flutter run

## exception

FormatException: FormatException: Unexpected character (at character 1)
Isolate spawning failed: Wrong full snapshot version, expected 'ace654289f5...
^


```
#0      _ChunkedJsonParser.fail (dart:convert-patch/convert_patch.dart:1467:5)
#1      _ChunkedJsonParser.parseNumber (dart:convert-patch/convert_patch.dart:1333:9)
#2      _ChunkedJsonParser.parse (dart:convert-patch/convert_patch.dart:935:22)
#3      _JsonStringDecoderSink.addSlice (dart:convert-patch/convert_patch.dart:1555:13)
#4      _JsonStringDecoderSink.add (dart:convert-patch/convert_patch.dart:1560:5)
#5      _ConverterStreamEventSink.add (dart:convert/chunked_conversion.dart:70:18)
#6      _SinkTransformerStreamSubscription._handleData (dart:async/stream_transformers.dart:115:24)
#7      _rootRunUnary (dart:async/zone_root.dart:48:47)
#8      _CustomZone.runUnary (dart:async/zone.dart:733:19)
#9      _CustomZone.runUnaryGuarded (dart:async/zone.dart:633:7)
#10     _BufferingStreamSubscription._sendData (dart:async/stream_impl.dart:381:11)
#11     _BufferingStreamSubscription._add (dart:async/stream_impl.dart:312:7)
#12     _SinkTransformerStreamSubscription._add (dart:async/stream_transformers.dart:67:11)
#13     _EventSinkWrapper.add (dart:async/stream_transformers.dart:13:11)
#14     _StringAdapterSink.add (dart:convert/string_conversion.dart:231:11)
#15     _StringAdapterSink.addSlice (dart:convert/string_conversion.dart:236:7)
#16     _Utf8ConversionSink.addSlice (dart:convert/string_conversion.dart:316:20)
#17     _Utf8ConversionSink.add (dart:convert/string_conversion.dart:309:5)
#18     _ConverterStreamEventSink.add (dart:convert/chunked_conversion.dart:70:18)
#19     _SinkTransformerStreamSubscription._handleData (dart:async/stream_transformers.dart:115:24)
#20     _rootRunUnary (dart:async/zone_root.dart:48:47)
#21     _CustomZone.runUnary (dart:async/zone.dart:733:19)
#22     _CustomZone.runUnaryGuarded (dart:async/zone.dart:633:7)
#23     _BufferingStreamSubscription._sendData (dart:async/stream_impl.dart:381:11)
#24     _BufferingStreamSubscription._add (dart:async/stream_impl.dart:312:7)
#25     _SyncStreamControllerDispatch._sendData (dart:async/stream_controller.dart:798:19)
#26     _StreamController._add (dart:async/stream_controller.dart:663:7)
#27     _StreamController.add (dart:async/stream_controller.dart:618:5)
#28     _Socket._onData (dart:io-patch/socket_patch.dart:2874:41)
#29     _rootRunUnary (dart:async/zone_root.dart:56:13)
#30     _CustomZone.runUnary (dart:async/zone.dart:733:19)
#31     _CustomZone.runUnaryGuarded (dart:async/zone.dart:633:7)
#32     _BufferingStreamSubscription._sendData (dart:async/stream_impl.dart:381:11)
#33     _BufferingStreamSubscription._add (dart:async/stream_impl.dart:312:7)
#34     _SyncStreamControllerDispatch._sendData (dart:async/stream_controller.dart:798:19)
#35     _StreamController._add (dart:async/stream_controller.dart:663:7)
#36     _StreamController.add (dart:async/stream_controller.dart:618:5)
#37     new _RawSocket.<anonymous closure> (dart:io-patch/socket_patch.dart:2312:31)
#38     _NativeSocket.issueReadEvent.issue (dart:io-patch/socket_patch.dart:1647:14)
#39     _microtaskLoop (dart:async/schedule_microtask.dart:40:35)
#40     _startMicrotaskLoop (dart:async/schedule_microtask.dart:49:5)
#41     _runPendingImmediateCallback (dart:isolate-patch/isolate_patch.dart:127:13)
#42     _RawReceivePort._handleMessage (dart:isolate-patch/isolate_patch.dart:193:5)
```

## flutter doctor

```
[32m[✓][39m Flutter (Channel stable, 3.32.3, on Microsoft Windows [version 10.0.22631.6199], locale fr-CM) [815ms]
    [32m•[39m Flutter version 3.32.3 on channel stable at C:\Flutter\flutter
    [32m•[39m Upstream repository https://github.com/flutter/flutter.git
    [32m•[39m Framework revision 5c1433509f (1 year, 2 months ago), 2025-06-11 13:12:24 -0700
    [32m•[39m Engine revision 31c4875c7a
    [32m•[39m Dart version 3.12.2
    [32m•[39m DevTools version 2.45.1

[32m[✓][39m Windows Version (11 Professionnel 64 bits, 23H2, 2009) [4,9s]

[31m[☠][39m Android toolchain - develop for Android devices (the doctor check crashed)
    [31m✗[39m Due to an error, the doctor check did not complete. If the error message below is not helpful, please let us know about
      this issue at https://github.com/flutter/flutter/issues.
    [31m✗[39m Exception: Android toolchain - develop for Android devices exceeded maximum allowed duration of 0:04:30.000000
    [32m•[39m 

[32m[✓][39m Chrome - develop for the web [414ms]
    [32m•[39m Chrome at C:\Program Files\Google\Chrome\Application\chrome.exe

[33m[!][39m Visual Studio - develop Windows apps (Visual Studio Community 2026 18.8.1) [412ms]
    [32m•[39m Visual Studio at C:\Program Files\Microsoft Visual Studio\18\Community
    [32m•[39m Visual Studio Community 2026 version 18.8.12021.73
    [31m✗[39m Visual Studio is missing necessary components. Please re-run the Visual Studio installer for the "Desktop development
      with C++" workload, and include these components:
        MSVC v142 - VS 2019 C++ x64/x86 build tools
         - If there are multiple build tool versions available, install the latest
        C++ CMake tools for Windows
        Windows 10 SDK

[32m[✓][39m Android Studio (version 2024.3) [11ms]
    [32m•[39m Android Studio at C:\Program Files\Android\Android Studio
    [32m•[39m Flutter plugin can be installed from:
      🔨 https://plugins.jetbrains.com/plugin/9212-flutter
    [32m•[39m Dart plugin can be installed from:
      🔨 https://plugins.jetbrains.com/plugin/6351-dart
    [32m•[39m android-studio-dir = C:\Program Files\Android\Android Studio
    [32m•[39m Java version OpenJDK Runtime Environment (build 21.0.5+-12932927-b750.29)

[32m[✓][39m IntelliJ IDEA Ultimate Edition (version 2026.1) [8ms]
    [32m•[39m IntelliJ at C:\Program Files\JetBrains\IntelliJ IDEA 2026.1.2
    [32m•[39m Flutter plugin can be installed from:
      🔨 https://plugins.jetbrains.com/plugin/9212-flutter
    [32m•[39m Dart plugin can be installed from:
      🔨 https://plugins.jetbrains.com/plugin/6351-dart

[32m[✓][39m VS Code (version unknown) [6ms]
    [32m•[39m VS Code at C:\Users\Namikaze\AppData\Local\Programs\Microsoft VS Code
    [32m•[39m Flutter extension version 3.140.0
    [31m✗[39m Unable to determine VS Code version.

[32m[✓][39m Connected device (4 available) [876ms]
    [32m•[39m SM F946B (mobile) • R3CW70FPFSH • android-arm64  • Android 16 (API 36)
    [32m•[39m Windows (desktop) • windows     • windows-x64    • Microsoft Windows [version 10.0.22631.6199]
    [32m•[39m Chrome (web)      • chrome      • web-javascript • Google Chrome 151.0.7922.109
    [32m•[39m Edge (web)        • edge        • web-javascript • Microsoft Edge 151.0.4129.78

[33m[!][39m Network resources [22,2s]
    [31m✗[39m A network error occurred while checking "https://pub.dev/": Le délai de temporisation de sémaphore a expiré
    [31m✗[39m A network error occurred while checking "https://cocoapods.org/": Le délai de temporisation de sémaphore a expiré

[33m![39m Doctor found issues in 3 categories.
```
