Flutter crash report.
Please report a bug at https://github.com/flutter/flutter/issues.

## command

flutter analyze lib/

## exception

_Exception: Exception: analysis server exited with code 255 and output:
[stderr] Wrong full snapshot version, expected 'ace654289f5abc240509fc941453ebc5' found '830f4f59e7969c70b595182826435c19'

```
```

## flutter doctor

```
[✓] Flutter (Channel stable, 3.32.3, on Microsoft Windows [version 10.0.22631.6199], locale fr-CM) [1 033ms]
    • Flutter version 3.32.3 on channel stable at C:\Flutter\flutter
    • Upstream repository https://github.com/flutter/flutter.git
    • Framework revision 5c1433509f (1 year, 2 months ago), 2025-06-11 13:12:24 -0700
    • Engine revision 31c4875c7a
    • Dart version 3.12.2
    • DevTools version 2.45.1

[✓] Windows Version (11 Professionnel 64 bits, 23H2, 2009) [3,2s]

[✓] Android toolchain - develop for Android devices (Android SDK version 36.0.0) [5,4s]
    • Android SDK at C:\Users\Namikaze\AppData\Local\Android\Sdk
    • Platform android-36, build-tools 36.0.0
    • ANDROID_HOME = C:\Users\Namikaze\AppData\Local\Android\Sdk
    • ANDROID_SDK_ROOT = C:\Users\Namikaze\AppData\Local\Android\Sdk
    • Java binary at: C:\Program Files\Android\Android Studio\jbr\bin\java
      This is the JDK bundled with the latest Android Studio installation on this machine.
      To manually set the JDK path, use: `flutter config --jdk-dir="path/to/jdk"`.
    • Java version OpenJDK Runtime Environment (build 21.0.5+-12932927-b750.29)
    • All Android licenses accepted.

[✓] Chrome - develop for the web [489ms]
    • Chrome at C:\Program Files\Google\Chrome\Application\chrome.exe

[!] Visual Studio - develop Windows apps (Visual Studio Community 2026 18.8.1) [486ms]
    • Visual Studio at C:\Program Files\Microsoft Visual Studio\18\Community
    • Visual Studio Community 2026 version 18.8.12021.73
    ✗ Visual Studio is missing necessary components. Please re-run the Visual Studio installer for the "Desktop development with C++" workload, and include these components:
        MSVC v142 - VS 2019 C++ x64/x86 build tools
         - If there are multiple build tool versions available, install the latest
        C++ CMake tools for Windows
        Windows 10 SDK

[✓] Android Studio (version 2024.3) [16ms]
    • Android Studio at C:\Program Files\Android\Android Studio
    • Flutter plugin can be installed from:
      🔨 https://plugins.jetbrains.com/plugin/9212-flutter
    • Dart plugin can be installed from:
      🔨 https://plugins.jetbrains.com/plugin/6351-dart
    • android-studio-dir = C:\Program Files\Android\Android Studio
    • Java version OpenJDK Runtime Environment (build 21.0.5+-12932927-b750.29)

[✓] IntelliJ IDEA Ultimate Edition (version 2026.1) [13ms]
    • IntelliJ at C:\Program Files\JetBrains\IntelliJ IDEA 2026.1.2
    • Flutter plugin can be installed from:
      🔨 https://plugins.jetbrains.com/plugin/9212-flutter
    • Dart plugin can be installed from:
      🔨 https://plugins.jetbrains.com/plugin/6351-dart

[✓] VS Code (version unknown) [12ms]
    • VS Code at C:\Users\Namikaze\AppData\Local\Programs\Microsoft VS Code
    • Flutter extension version 3.140.0
    ✗ Unable to determine VS Code version.

[✓] Connected device (3 available) [330ms]
    • Windows (desktop) • windows • windows-x64    • Microsoft Windows [version 10.0.22631.6199]
    • Chrome (web)      • chrome  • web-javascript • Google Chrome 151.0.7922.174
    • Edge (web)        • edge    • web-javascript • Microsoft Edge 151.0.4129.101
    ! Device ZY22HQD29D is not authorized.
      You might need to check your device for an authorization dialog.

[✓] Network resources [1 225ms]
    • All expected network resources are available.

! Doctor found issues in 1 category.
```
